MPLINK 5.08, LINKER
Linker Map File - Created Fri Dec 10 14:33:18 2021

                                 Section Info
                  Section       Type    Address   Location Size(Bytes)
                ---------  ---------  ---------  ---------  ---------
                 RES_VECT       code   0x000000    program   0x000004
                   .cinit    romdata   0x000004    program   0x000002
                MAIN_PROG       code   0x000006    program   0x000072
                  GPR_VAR      udata   0x000060       data   0x000004



                              Program Memory Usage 
                               Start         End      
                           ---------   ---------      
                            0x000000    0x000077      
            120 out of 33048 program addresses used, program memory utilization is 0%



                              Symbols - Sorted by Name
                     Name    Address   Location    Storage File                     
                ---------  ---------  ---------  --------- ---------                
                    DEBUT   0x000060    program     static C:\Users\dutoi\OneDrive - JUNIA Grande école d'ingénieurs\Etudes\ISEN\AP3\Electronique\MPLAB_project\TP1\ex5_TP1.X\main.asm
                 MAX_LOOP   0x00002c    program     static C:\Users\dutoi\OneDrive - JUNIA Grande école d'ingénieurs\Etudes\ISEN\AP3\Electronique\MPLAB_project\TP1\ex5_TP1.X\main.asm
                 MIN_LOOP   0x000012    program     static C:\Users\dutoi\OneDrive - JUNIA Grande école d'ingénieurs\Etudes\ISEN\AP3\Electronique\MPLAB_project\TP1\ex5_TP1.X\main.asm
          _MAIN_PROG_006E   0x000074    program     static C:\Users\dutoi\OneDrive - JUNIA Grande école d'ingénieurs\Etudes\ISEN\AP3\Electronique\MPLAB_project\TP1\ex5_TP1.X\main.asm
              cherche_max   0x000020    program     static C:\Users\dutoi\OneDrive - JUNIA Grande école d'ingénieurs\Etudes\ISEN\AP3\Electronique\MPLAB_project\TP1\ex5_TP1.X\main.asm
              cherche_min   0x000006    program     static C:\Users\dutoi\OneDrive - JUNIA Grande école d'ingénieurs\Etudes\ISEN\AP3\Electronique\MPLAB_project\TP1\ex5_TP1.X\main.asm
           ecrire_tableau   0x00003a    program     static C:\Users\dutoi\OneDrive - JUNIA Grande école d'ingénieurs\Etudes\ISEN\AP3\Electronique\MPLAB_project\TP1\ex5_TP1.X\main.asm
                 iterator   0x000063       data     static C:\Users\dutoi\OneDrive - JUNIA Grande école d'ingénieurs\Etudes\ISEN\AP3\Electronique\MPLAB_project\TP1\ex5_TP1.X\main.asm
                      max   0x000062       data     static C:\Users\dutoi\OneDrive - JUNIA Grande école d'ingénieurs\Etudes\ISEN\AP3\Electronique\MPLAB_project\TP1\ex5_TP1.X\main.asm
                      min   0x000061       data     static C:\Users\dutoi\OneDrive - JUNIA Grande école d'ingénieurs\Etudes\ISEN\AP3\Electronique\MPLAB_project\TP1\ex5_TP1.X\main.asm
           taille_tableau   0x000060       data     static C:\Users\dutoi\OneDrive - JUNIA Grande école d'ingénieurs\Etudes\ISEN\AP3\Electronique\MPLAB_project\TP1\ex5_TP1.X\main.asm



                              Symbols - Sorted by Address
                     Name    Address   Location    Storage File                     
                ---------  ---------  ---------  --------- ---------                
              cherche_min   0x000006    program     static C:\Users\dutoi\OneDrive - JUNIA Grande école d'ingénieurs\Etudes\ISEN\AP3\Electronique\MPLAB_project\TP1\ex5_TP1.X\main.asm
                 MIN_LOOP   0x000012    program     static C:\Users\dutoi\OneDrive - JUNIA Grande école d'ingénieurs\Etudes\ISEN\AP3\Electronique\MPLAB_project\TP1\ex5_TP1.X\main.asm
              cherche_max   0x000020    program     static C:\Users\dutoi\OneDrive - JUNIA Grande école d'ingénieurs\Etudes\ISEN\AP3\Electronique\MPLAB_project\TP1\ex5_TP1.X\main.asm
                 MAX_LOOP   0x00002c    program     static C:\Users\dutoi\OneDrive - JUNIA Grande école d'ingénieurs\Etudes\ISEN\AP3\Electronique\MPLAB_project\TP1\ex5_TP1.X\main.asm
           ecrire_tableau   0x00003a    program     static C:\Users\dutoi\OneDrive - JUNIA Grande école d'ingénieurs\Etudes\ISEN\AP3\Electronique\MPLAB_project\TP1\ex5_TP1.X\main.asm
                    DEBUT   0x000060    program     static C:\Users\dutoi\OneDrive - JUNIA Grande école d'ingénieurs\Etudes\ISEN\AP3\Electronique\MPLAB_project\TP1\ex5_TP1.X\main.asm
          _MAIN_PROG_006E   0x000074    program     static C:\Users\dutoi\OneDrive - JUNIA Grande école d'ingénieurs\Etudes\ISEN\AP3\Electronique\MPLAB_project\TP1\ex5_TP1.X\main.asm
           taille_tableau   0x000060       data     static C:\Users\dutoi\OneDrive - JUNIA Grande école d'ingénieurs\Etudes\ISEN\AP3\Electronique\MPLAB_project\TP1\ex5_TP1.X\main.asm
                      min   0x000061       data     static C:\Users\dutoi\OneDrive - JUNIA Grande école d'ingénieurs\Etudes\ISEN\AP3\Electronique\MPLAB_project\TP1\ex5_TP1.X\main.asm
                      max   0x000062       data     static C:\Users\dutoi\OneDrive - JUNIA Grande école d'ingénieurs\Etudes\ISEN\AP3\Electronique\MPLAB_project\TP1\ex5_TP1.X\main.asm
                 iterator   0x000063       data     static C:\Users\dutoi\OneDrive - JUNIA Grande école d'ingénieurs\Etudes\ISEN\AP3\Electronique\MPLAB_project\TP1\ex5_TP1.X\main.asm


