MPLINK 5.08, LINKER
Linker Map File - Created Thu Jan 20 14:19:11 2022

                                 Section Info
                  Section       Type    Address   Location Size(Bytes)
                ---------  ---------  ---------  ---------  ---------
                 RES_VECT       code   0x000000    program   0x000004
                   .cinit    romdata   0x000004    program   0x000002
                    ISRHV       code   0x000008    program   0x000004
                MAIN_PROG       code   0x00000c    program   0x000054
                     ISRH       code   0x000060    program   0x000004
.config_300001_BUILD/DEFAULT/PRODUCTION/MAIN.O    romdata   0x300001    program   0x000001
.config_300002_BUILD/DEFAULT/PRODUCTION/MAIN.O    romdata   0x300002    program   0x000001
.config_300003_BUILD/DEFAULT/PRODUCTION/MAIN.O    romdata   0x300003    program   0x000001
.config_300005_BUILD/DEFAULT/PRODUCTION/MAIN.O    romdata   0x300005    program   0x000001
.config_300006_BUILD/DEFAULT/PRODUCTION/MAIN.O    romdata   0x300006    program   0x000001
.config_300008_BUILD/DEFAULT/PRODUCTION/MAIN.O    romdata   0x300008    program   0x000001
.config_300009_BUILD/DEFAULT/PRODUCTION/MAIN.O    romdata   0x300009    program   0x000001
.config_30000A_BUILD/DEFAULT/PRODUCTION/MAIN.O    romdata   0x30000a    program   0x000001
.config_30000B_BUILD/DEFAULT/PRODUCTION/MAIN.O    romdata   0x30000b    program   0x000001
.config_30000C_BUILD/DEFAULT/PRODUCTION/MAIN.O    romdata   0x30000c    program   0x000001
.config_30000D_BUILD/DEFAULT/PRODUCTION/MAIN.O    romdata   0x30000d    program   0x000001
                  GPR_VAR      udata   0x000060       data   0x000001



                              Program Memory Usage 
                               Start         End      
                           ---------   ---------      
                            0x000000    0x000005      
                            0x000008    0x000063      
                            0x300001    0x300003      
                            0x300005    0x300006      
                            0x300008    0x30000d      
            109 out of 33048 program addresses used, program memory utilization is 0%



                              Symbols - Sorted by Name
                     Name    Address   Location    Storage File                     
                ---------  ---------  ---------  --------- ---------                
                    DEBUT   0x000036    program     static C:\Users\dutoi\OneDrive - JUNIA Grande école d'ingénieurs\Etudes\ISEN\AP3\Electronique\MPLAB_project\TP1\ex10_TP1.X\main.asm
                 HIGH_ISR   0x000060    program     static C:\Users\dutoi\OneDrive - JUNIA Grande école d'ingénieurs\Etudes\ISEN\AP3\Electronique\MPLAB_project\TP1\ex10_TP1.X\main.asm
                     LOOP   0x000050    program     static C:\Users\dutoi\OneDrive - JUNIA Grande école d'ingénieurs\Etudes\ISEN\AP3\Electronique\MPLAB_project\TP1\ex10_TP1.X\main.asm
                    LOOP0   0x000026    program     static C:\Users\dutoi\OneDrive - JUNIA Grande école d'ingénieurs\Etudes\ISEN\AP3\Electronique\MPLAB_project\TP1\ex10_TP1.X\main.asm
       init_routine_tempo   0x00000c    program     static C:\Users\dutoi\OneDrive - JUNIA Grande école d'ingénieurs\Etudes\ISEN\AP3\Electronique\MPLAB_project\TP1\ex10_TP1.X\main.asm
           interupt_setup   0x000032    program     static C:\Users\dutoi\OneDrive - JUNIA Grande école d'ingénieurs\Etudes\ISEN\AP3\Electronique\MPLAB_project\TP1\ex10_TP1.X\main.asm
              reset_timer   0x000016    program     static C:\Users\dutoi\OneDrive - JUNIA Grande école d'ingénieurs\Etudes\ISEN\AP3\Electronique\MPLAB_project\TP1\ex10_TP1.X\main.asm
            routine_tempo   0x000026    program     static C:\Users\dutoi\OneDrive - JUNIA Grande école d'ingénieurs\Etudes\ISEN\AP3\Electronique\MPLAB_project\TP1\ex10_TP1.X\main.asm
              start_timer   0x000022    program     static C:\Users\dutoi\OneDrive - JUNIA Grande école d'ingénieurs\Etudes\ISEN\AP3\Electronique\MPLAB_project\TP1\ex10_TP1.X\main.asm
                 ledState   0x000060       data     static C:\Users\dutoi\OneDrive - JUNIA Grande école d'ingénieurs\Etudes\ISEN\AP3\Electronique\MPLAB_project\TP1\ex10_TP1.X\main.asm



                              Symbols - Sorted by Address
                     Name    Address   Location    Storage File                     
                ---------  ---------  ---------  --------- ---------                
       init_routine_tempo   0x00000c    program     static C:\Users\dutoi\OneDrive - JUNIA Grande école d'ingénieurs\Etudes\ISEN\AP3\Electronique\MPLAB_project\TP1\ex10_TP1.X\main.asm
              reset_timer   0x000016    program     static C:\Users\dutoi\OneDrive - JUNIA Grande école d'ingénieurs\Etudes\ISEN\AP3\Electronique\MPLAB_project\TP1\ex10_TP1.X\main.asm
              start_timer   0x000022    program     static C:\Users\dutoi\OneDrive - JUNIA Grande école d'ingénieurs\Etudes\ISEN\AP3\Electronique\MPLAB_project\TP1\ex10_TP1.X\main.asm
                    LOOP0   0x000026    program     static C:\Users\dutoi\OneDrive - JUNIA Grande école d'ingénieurs\Etudes\ISEN\AP3\Electronique\MPLAB_project\TP1\ex10_TP1.X\main.asm
            routine_tempo   0x000026    program     static C:\Users\dutoi\OneDrive - JUNIA Grande école d'ingénieurs\Etudes\ISEN\AP3\Electronique\MPLAB_project\TP1\ex10_TP1.X\main.asm
           interupt_setup   0x000032    program     static C:\Users\dutoi\OneDrive - JUNIA Grande école d'ingénieurs\Etudes\ISEN\AP3\Electronique\MPLAB_project\TP1\ex10_TP1.X\main.asm
                    DEBUT   0x000036    program     static C:\Users\dutoi\OneDrive - JUNIA Grande école d'ingénieurs\Etudes\ISEN\AP3\Electronique\MPLAB_project\TP1\ex10_TP1.X\main.asm
                     LOOP   0x000050    program     static C:\Users\dutoi\OneDrive - JUNIA Grande école d'ingénieurs\Etudes\ISEN\AP3\Electronique\MPLAB_project\TP1\ex10_TP1.X\main.asm
                 HIGH_ISR   0x000060    program     static C:\Users\dutoi\OneDrive - JUNIA Grande école d'ingénieurs\Etudes\ISEN\AP3\Electronique\MPLAB_project\TP1\ex10_TP1.X\main.asm
                 ledState   0x000060       data     static C:\Users\dutoi\OneDrive - JUNIA Grande école d'ingénieurs\Etudes\ISEN\AP3\Electronique\MPLAB_project\TP1\ex10_TP1.X\main.asm


