MPLINK 5.08, LINKER
Linker Map File - Created Thu Dec 09 11:03:03 2021

                                 Section Info
                  Section       Type    Address   Location Size(Bytes)
                ---------  ---------  ---------  ---------  ---------
                 RES_VECT       code   0x000000    program   0x000004
                   .cinit    romdata   0x000004    program   0x000002
                MAIN_PROG       code   0x000006    program   0x000026
                  GPR_VAR      udata   0x000060       data   0x000004



                              Program Memory Usage 
                               Start         End      
                           ---------   ---------      
                            0x000000    0x00002b      
            44 out of 33048 program addresses used, program memory utilization is 0%



                              Symbols - Sorted by Name
                     Name    Address   Location    Storage File                     
                ---------  ---------  ---------  --------- ---------                
                    DEBUT   0x000006    program     static C:\Users\dutoi\OneDrive - JUNIA Grande école d'ingénieurs\Etudes\ISEN\AP3\Electronique\MPLAB_project\TP1\ex3_TP1.X\main.asm
                       L1   0x000014    program     static C:\Users\dutoi\OneDrive - JUNIA Grande école d'ingénieurs\Etudes\ISEN\AP3\Electronique\MPLAB_project\TP1\ex3_TP1.X\main.asm
                NOVERLOAD   0x00001e    program     static C:\Users\dutoi\OneDrive - JUNIA Grande école d'ingénieurs\Etudes\ISEN\AP3\Electronique\MPLAB_project\TP1\ex3_TP1.X\main.asm
          _MAIN_PROG_0022   0x000028    program     static C:\Users\dutoi\OneDrive - JUNIA Grande école d'ingénieurs\Etudes\ISEN\AP3\Electronique\MPLAB_project\TP1\ex3_TP1.X\main.asm
             incrementeur   0x000062       data     static C:\Users\dutoi\OneDrive - JUNIA Grande école d'ingénieurs\Etudes\ISEN\AP3\Electronique\MPLAB_project\TP1\ex3_TP1.X\main.asm
                 longueur   0x000063       data     static C:\Users\dutoi\OneDrive - JUNIA Grande école d'ingénieurs\Etudes\ISEN\AP3\Electronique\MPLAB_project\TP1\ex3_TP1.X\main.asm
               somme_High   0x000061       data     static C:\Users\dutoi\OneDrive - JUNIA Grande école d'ingénieurs\Etudes\ISEN\AP3\Electronique\MPLAB_project\TP1\ex3_TP1.X\main.asm
                somme_Low   0x000060       data     static C:\Users\dutoi\OneDrive - JUNIA Grande école d'ingénieurs\Etudes\ISEN\AP3\Electronique\MPLAB_project\TP1\ex3_TP1.X\main.asm



                              Symbols - Sorted by Address
                     Name    Address   Location    Storage File                     
                ---------  ---------  ---------  --------- ---------                
                    DEBUT   0x000006    program     static C:\Users\dutoi\OneDrive - JUNIA Grande école d'ingénieurs\Etudes\ISEN\AP3\Electronique\MPLAB_project\TP1\ex3_TP1.X\main.asm
                       L1   0x000014    program     static C:\Users\dutoi\OneDrive - JUNIA Grande école d'ingénieurs\Etudes\ISEN\AP3\Electronique\MPLAB_project\TP1\ex3_TP1.X\main.asm
                NOVERLOAD   0x00001e    program     static C:\Users\dutoi\OneDrive - JUNIA Grande école d'ingénieurs\Etudes\ISEN\AP3\Electronique\MPLAB_project\TP1\ex3_TP1.X\main.asm
          _MAIN_PROG_0022   0x000028    program     static C:\Users\dutoi\OneDrive - JUNIA Grande école d'ingénieurs\Etudes\ISEN\AP3\Electronique\MPLAB_project\TP1\ex3_TP1.X\main.asm
                somme_Low   0x000060       data     static C:\Users\dutoi\OneDrive - JUNIA Grande école d'ingénieurs\Etudes\ISEN\AP3\Electronique\MPLAB_project\TP1\ex3_TP1.X\main.asm
               somme_High   0x000061       data     static C:\Users\dutoi\OneDrive - JUNIA Grande école d'ingénieurs\Etudes\ISEN\AP3\Electronique\MPLAB_project\TP1\ex3_TP1.X\main.asm
             incrementeur   0x000062       data     static C:\Users\dutoi\OneDrive - JUNIA Grande école d'ingénieurs\Etudes\ISEN\AP3\Electronique\MPLAB_project\TP1\ex3_TP1.X\main.asm
                 longueur   0x000063       data     static C:\Users\dutoi\OneDrive - JUNIA Grande école d'ingénieurs\Etudes\ISEN\AP3\Electronique\MPLAB_project\TP1\ex3_TP1.X\main.asm


